<html>
<body>
<pre>
<h1>µVision Build Log</h1>
<h2>Tool Versions:</h2>
IDE-Version: µVision V5.21.1.0
Copyright (C) 2016 ARM Ltd and ARM Germany GmbH. All rights reserved.
License Information: N/A N/A, N/A, LIC=W96CX-HYDLB-JPIZQ-N0MM2-RC7LJ-DNJ64
 
Tool Versions:
Toolchain:       MDK-ARM Professional  Version: 5.21a
Toolchain Path:  C:\Keil_v5\ARM\ARMCC\Bin
C Compiler:      Armcc.exe V5.06 update 3 (build 300)
Assembler:       Armasm.exe V5.06 update 3 (build 300)
Linker/Locator:  ArmLink.exe V5.06 update 3 (build 300)
Library Manager: ArmAr.exe V5.06 update 3 (build 300)
Hex Converter:   FromElf.exe V5.06 update 3 (build 300)
CPU DLL:         SARMCM3.DLL V5.21a
Dialog DLL:      DCM.DLL V1.13.8.0
Target DLL:      STLink\ST-LINKIII-KEIL_SWO.dll V2.0.18.0
Dialog DLL:      TCM.DLL V1.14.14.0
 
<h2>Project:</h2>
C:\Users\Simone\Documents\GitHub\AccessesControl\STM32CubeExpansion_WIFI1_V3.1.1\Projects\Multi\Applications\Server_Socket\MDK-ARM\STM32F401RE-Nucleo\Project.uvprojx
Project File Date:  12/09/2018

<h2>Output:</h2>
*** Using Compiler 'V5.06 update 3 (build 300)', folder: 'C:\Keil_v5\ARM\ARMCC\Bin'
Rebuild target 'STM32F401RE_Nucleo_SPWF04_UART'
assembling startup_stm32f401xe.s...
compiling system_stm32f4xx.c...
compiling stm32f4xx_nucleo.c...
compiling stm32_spwf_wifi.c...
compiling main.c...
..\..\Src\main.c(233): warning:  #177-D: variable "timerValue" was declared but never referenced
  	int timerValue = 0;
..\..\Src\main.c: 1 warning, 0 errors
compiling console.c...
compiling stm32_xx_it.c...
compiling stm32f4xx_hal.c...
compiling stm32_xx_hal_msp.c...
compiling ntp.c...
compiling stm32f4xx_hal_can.c...
compiling stm32f4xx_hal_adc_ex.c...
compiling stm32f4xx_hal_adc.c...
compiling stm32f4xx_hal_crc.c...
compiling stm32f4xx_hal_cortex.c...
compiling stm32f4xx_hal_cryp.c...
compiling stm32f4xx_hal_cryp_ex.c...
compiling stm32f4xx_hal_dac_ex.c...
compiling stm32f4xx_hal_dac.c...
compiling stm32f4xx_hal_dcmi.c...
compiling stm32f4xx_hal_dma.c...
compiling stm32f4xx_hal_dma_ex.c...
compiling stm32f4xx_hal_dma2d.c...
compiling stm32f4xx_hal_eth.c...
compiling stm32f4xx_hal_flash.c...
compiling stm32f4xx_hal_flash_ramfunc.c...
compiling stm32f4xx_hal_flash_ex.c...
compiling stm32f4xx_hal_gpio.c...
compiling stm32f4xx_hal_hash.c...
compiling stm32f4xx_hal_hash_ex.c...
compiling stm32f4xx_hal_hcd.c...
compiling stm32f4xx_hal_i2c.c...
compiling stm32f4xx_hal_i2c_ex.c...
compiling stm32f4xx_hal_i2s.c...
compiling stm32f4xx_hal_i2s_ex.c...
compiling stm32f4xx_hal_irda.c...
compiling stm32f4xx_hal_iwdg.c...
compiling stm32f4xx_hal_msp_template.c...
compiling stm32f4xx_hal_ltdc.c...
compiling stm32f4xx_hal_nand.c...
compiling stm32f4xx_hal_pccard.c...
compiling stm32f4xx_hal_nor.c...
compiling stm32f4xx_hal_pcd.c...
compiling stm32f4xx_hal_pcd_ex.c...
compiling stm32f4xx_hal_pwr.c...
compiling stm32f4xx_hal_pwr_ex.c...
compiling stm32f4xx_hal_rcc_ex.c...
compiling stm32f4xx_hal_rcc.c...
compiling stm32f4xx_hal_rng.c...
compiling stm32f4xx_hal_rtc.c...
compiling stm32f4xx_hal_rtc_ex.c...
compiling stm32f4xx_hal_sai.c...
compiling stm32f4xx_hal_sd.c...
compiling stm32f4xx_hal_sdram.c...
compiling stm32f4xx_hal_smartcard.c...
compiling stm32f4xx_hal_sram.c...
compiling stm32f4xx_hal_spi.c...
compiling stm32f4xx_hal_tim.c...
compiling stm32f4xx_hal_tim_ex.c...
compiling stm32f4xx_hal_uart.c...
compiling stm32f4xx_hal_usart.c...
compiling stm32f4xx_hal_wwdg.c...
compiling stm32f4xx_ll_fmc.c...
compiling stm32f4xx_ll_fsmc.c...
compiling stm32f4xx_ll_sdmmc.c...
compiling stm32f4xx_ll_usb.c...
compiling wifi_interface.c...
compiling wifi_module_spi.c...
compiling wifi_module.c...
compiling wifi_module_uart_01.c...
compiling wifi_globals.c...
compiling wifi_module_uart_04.c...
compiling spwf04WiFi.c...
compiling ring_buffer.c...
compiling event_buffer.c...
linking...
Program Size: Code=32552 RO-data=860 RW-data=224 ZI-data=10768  
After Build - User command #1: fromelf --bin -o STM32F401RE_Nucleo\STM32F401RE_Nucleo.bin STM32F401RE_Nucleo\STM32F401RE_Nucleo.axf
".\STM32F401RE_Nucleo\STM32F401RE_Nucleo.axf" - 0 Error(s), 1 Warning(s).

<h2>Collection of Component include folders:</h2>
  C:\Users\Simone\Documents\GitHub\AccessesControl\STM32CubeExpansion_WIFI1_V3.1.1\Projects\Multi\Applications\Server_Socket\MDK-ARM\STM32F401RE-Nucleo\RTE
  C:\Keil_v5\ARM\PACK\Keil\STM32F4xx_DFP\2.13.0\Drivers\CMSIS\Device\ST\STM32F4xx\Include

<h2>Collection of Component Files used:</h2>
Build Time Elapsed:  00:00:41
</pre>
</body>
</html>
